system          > 
system          > ConTeXt  ver: 2023.05.05 18:36 LMTX  fmt: 2024.3.5  int: english/english
system          > 
system          > 'cont-new.mkxl' loaded
open source     > level 1, order 1, name 'C:/texlive/2023/texmf-dist/tex/context/base/mkxl/cont-new.mkxl'
system          > beware: some patches loaded from cont-new.mkiv
close source    > level 1, order 1, name 'C:/texlive/2023/texmf-dist/tex/context/base/mkxl/cont-new.mkxl'
system          > 'cont-sys.mkxl' loaded
open source     > level 1, order 2, name 'C:/texlive/2023/texmf-dist/tex/context/texlive/cont-sys.mkxl'
resolvers       > globbing > confusing filename, name: 'custMatTransform.py', lower: 'custmattransform.py', already: 'CustMatTransform.py'
resolvers       > globbing > confusing filename, name: 'setCustomAnchor.py', lower: 'setcustomanchor.py', already: 'SetCustomAnchor.py'
resolvers       > globbing > confusing filename, name: 'widg_addLabel.py', lower: 'widg_addlabel.py', already: 'Widg_addLabel.py'
resolvers       > globbing > confusing filename, name: 'widg_addPolyOpt.py', lower: 'widg_addpolyopt.py', already: 'Widg_addPolyOpt.py'
resolvers       > globbing > confusing filename, name: 'widg_editBezier.py', lower: 'widg_editbezier.py', already: 'Widg_editBezier.py'
resolvers       > globbing > confusing filename, name: 'CHANGELOG', lower: 'changelog', already: 'ChangeLog'
resolvers       > globbing > confusing filename, name: 'CHANGELOG', lower: 'changelog', already: 'ChangeLog'
resolvers       > globbing > confusing filename, name: 'NEWS', lower: 'news', already: 'News'
resolvers       > globbing > confusing filename, name: 'NEWS', lower: 'news', already: 'News'
resolvers       > globbing > confusing filename, name: 'NEWS', lower: 'news', already: 'News'
resolvers       > globbing > confusing filename, name: 'LICENSE.TXT', lower: 'license.txt', already: 'LICENSE.txt'
resolvers       > globbing > confusing filename, name: 'LICENSE.TXT', lower: 'license.txt', already: 'LICENSE.txt'
resolvers       > globbing > confusing filename, name: 'LICENSE.TXT', lower: 'license.txt', already: 'LICENSE.txt'
resolvers       > globbing > confusing filename, name: 'FontLog.txt', lower: 'fontlog.txt', already: 'FONTLOG.txt'
resolvers       > globbing > confusing filename, name: 'Fontlog.txt', lower: 'fontlog.txt', already: 'FONTLOG.txt'
resolvers       > globbing > confusing filename, name: 'Changes', lower: 'changes', already: 'CHANGES'
resolvers       > globbing > confusing filename, name: 'FontLog.txt', lower: 'fontlog.txt', already: 'FONTLOG.txt'
resolvers       > globbing > confusing filename, name: 'Changes', lower: 'changes', already: 'CHANGES'
resolvers       > globbing > confusing filename, name: 'Changes', lower: 'changes', already: 'CHANGES'
resolvers       > globbing > confusing filename, name: 'CHANGELOG', lower: 'changelog', already: 'ChangeLog'
resolvers       > globbing > confusing filename, name: 'NEWS', lower: 'news', already: 'News'
resolvers       > globbing > confusing filename, name: 'Changes', lower: 'changes', already: 'CHANGES'
resolvers       > globbing > confusing filename, name: 'FontLog.txt', lower: 'fontlog.txt', already: 'FONTLOG.txt'
resolvers       > globbing > confusing filename, name: 'Changes', lower: 'changes', already: 'CHANGES'
resolvers       > globbing > confusing filename, name: 'Changes', lower: 'changes', already: 'CHANGES'
resolvers       > globbing > confusing filename, name: 'Readme.txt', lower: 'readme.txt', already: 'README.txt'
resolvers       > globbing > confusing filename, name: 'License', lower: 'license', already: 'LICENSE'
resolvers       > globbing > confusing filename, name: 'LICENSE.TXT', lower: 'license.txt', already: 'LICENSE.txt'
resolvers       > globbing > confusing filename, name: 'Changes', lower: 'changes', already: 'CHANGES'
resolvers       > globbing > confusing filename, name: 'FontLog.txt', lower: 'fontlog.txt', already: 'FONTLOG.txt'
resolvers       > globbing > confusing filename, name: 'LICENSE.TXT', lower: 'license.txt', already: 'LICENSE.txt'
resolvers       > globbing > confusing filename, name: 'NEWS', lower: 'news', already: 'News'
resolvers       > globbing > confusing filename, name: 'ChangeLog.md', lower: 'changelog.md', already: 'CHANGELOG.md'
resolvers       > globbing > confusing filename, name: 'License.txt', lower: 'license.txt', already: 'LICENSE.txt'
resolvers       > globbing > confusing filename, name: 'Changes', lower: 'changes', already: 'CHANGES'
resolvers       > globbing > confusing filename, name: 'Changes', lower: 'changes', already: 'CHANGES'
resolvers       > globbing > confusing filename, name: 'Changes', lower: 'changes', already: 'CHANGES'
resolvers       > globbing > confusing filename, name: 'GUST-FONT-LICENSE.TXT', lower: 'gust-font-license.txt', already: 'GUST-FONT-LICENSE.txt'
resolvers       > globbing > confusing filename, name: 'CHANGELOG', lower: 'changelog', already: 'ChangeLog'
resolvers       > globbing > confusing filename, name: 'LICENSE.TXT', lower: 'license.txt', already: 'LICENSE.txt'
resolvers       > globbing > confusing filename, name: 'CHANGELOG', lower: 'changelog', already: 'ChangeLog'
resolvers       > globbing > confusing filename, name: 'LICENSE.TXT', lower: 'license.txt', already: 'LICENSE.txt'
resolvers       > globbing > confusing filename, name: 'LICENSE.TXT', lower: 'license.txt', already: 'LICENSE.txt'
resolvers       > globbing > confusing filename, name: 'Changes', lower: 'changes', already: 'CHANGES'
resolvers       > globbing > confusing filename, name: 'CHANGELOG', lower: 'changelog', already: 'ChangeLog'
resolvers       > globbing > confusing filename, name: 'Changes', lower: 'changes', already: 'CHANGES'
resolvers       > globbing > confusing filename, name: 'NEWS', lower: 'news', already: 'News'
resolvers       > globbing > confusing filename, name: 'Changes', lower: 'changes', already: 'CHANGES'
resolvers       > globbing > confusing filename, name: 'Copyright.txt', lower: 'copyright.txt', already: 'COPYRIGHT.txt'
resolvers       > globbing > confusing filename, name: 'Changes', lower: 'changes', already: 'CHANGES'
resolvers       > globbing > confusing filename, name: 'Changes', lower: 'changes', already: 'CHANGES'
resolvers       > globbing > confusing filename, name: 'Manifest.txt', lower: 'manifest.txt', already: 'MANIFEST.txt'
resolvers       > globbing > confusing filename, name: 'Changes', lower: 'changes', already: 'CHANGES'
resolvers       > globbing > confusing filename, name: 'README.eng', lower: 'readme.eng', already: 'README.ENG'
resolvers       > globbing > confusing filename, name: 'README.pol', lower: 'readme.pol', already: 'README.POL'
resolvers       > globbing > confusing filename, name: 'Changes', lower: 'changes', already: 'CHANGES'
resolvers       > globbing > confusing filename, name: 'License.txt', lower: 'license.txt', already: 'LICENSE.txt'
resolvers       > globbing > confusing filename, name: 'Changes', lower: 'changes', already: 'CHANGES'
resolvers       > globbing > confusing filename, name: 'Changes', lower: 'changes', already: 'CHANGES'
resolvers       > globbing > confusing filename, name: 'Changes', lower: 'changes', already: 'CHANGES'
resolvers       > globbing > confusing filename, name: 'Changes', lower: 'changes', already: 'CHANGES'
resolvers       > globbing > confusing filename, name: 'Changes', lower: 'changes', already: 'CHANGES'
resolvers       > globbing > confusing filename, name: 'Changes', lower: 'changes', already: 'CHANGES'
resolvers       > globbing > confusing filename, name: 'Changes', lower: 'changes', already: 'CHANGES'
resolvers       > globbing > confusing filename, name: 'Changes', lower: 'changes', already: 'CHANGES'
resolvers       > globbing > confusing filename, name: 'Changes', lower: 'changes', already: 'CHANGES'
resolvers       > globbing > confusing filename, name: 'Changes', lower: 'changes', already: 'CHANGES'
resolvers       > globbing > confusing filename, name: 'Changes', lower: 'changes', already: 'CHANGES'
resolvers       > globbing > confusing filename, name: 'Changes', lower: 'changes', already: 'CHANGES'
resolvers       > globbing > confusing filename, name: 'Changes', lower: 'changes', already: 'CHANGES'
resolvers       > globbing > confusing filename, name: 'Changes', lower: 'changes', already: 'CHANGES'
resolvers       > globbing > confusing filename, name: 'Changes', lower: 'changes', already: 'CHANGES'
resolvers       > globbing > confusing filename, name: 'Changes', lower: 'changes', already: 'CHANGES'
resolvers       > globbing > confusing filename, name: 'Changes', lower: 'changes', already: 'CHANGES'
resolvers       > globbing > confusing filename, name: 'Changes', lower: 'changes', already: 'CHANGES'
resolvers       > globbing > confusing filename, name: 'Changes', lower: 'changes', already: 'CHANGES'
resolvers       > globbing > confusing filename, name: 'Changes', lower: 'changes', already: 'CHANGES'
resolvers       > globbing > confusing filename, name: 'Changes', lower: 'changes', already: 'CHANGES'
resolvers       > globbing > confusing filename, name: 'Changes', lower: 'changes', already: 'CHANGES'
resolvers       > globbing > confusing filename, name: 'Changes', lower: 'changes', already: 'CHANGES'
resolvers       > globbing > confusing filename, name: 'Changes', lower: 'changes', already: 'CHANGES'
resolvers       > globbing > confusing filename, name: 'Changes', lower: 'changes', already: 'CHANGES'
resolvers       > globbing > confusing filename, name: 'Changes', lower: 'changes', already: 'CHANGES'
resolvers       > globbing > confusing filename, name: 'Changes', lower: 'changes', already: 'CHANGES'
resolvers       > globbing > confusing filename, name: 'Changes', lower: 'changes', already: 'CHANGES'
resolvers       > globbing > confusing filename, name: 'Changes', lower: 'changes', already: 'CHANGES'
resolvers       > globbing > confusing filename, name: 'Changes', lower: 'changes', already: 'CHANGES'
resolvers       > globbing > confusing filename, name: 'Changes', lower: 'changes', already: 'CHANGES'
resolvers       > globbing > confusing filename, name: 'Changes', lower: 'changes', already: 'CHANGES'
resolvers       > globbing > confusing filename, name: 'Changes', lower: 'changes', already: 'CHANGES'
resolvers       > globbing > confusing filename, name: 'Changes', lower: 'changes', already: 'CHANGES'
resolvers       > globbing > confusing filename, name: 'Changes', lower: 'changes', already: 'CHANGES'
resolvers       > globbing > confusing filename, name: 'Changes', lower: 'changes', already: 'CHANGES'
resolvers       > globbing > confusing filename, name: 'Changes', lower: 'changes', already: 'CHANGES'
resolvers       > globbing > confusing filename, name: 'Changes', lower: 'changes', already: 'CHANGES'
resolvers       > globbing > confusing filename, name: 'Changes', lower: 'changes', already: 'CHANGES'
resolvers       > globbing > confusing filename, name: 'Changes', lower: 'changes', already: 'CHANGES'
resolvers       > globbing > confusing filename, name: 'Changes', lower: 'changes', already: 'CHANGES'
resolvers       > globbing > confusing filename, name: 'Changes', lower: 'changes', already: 'CHANGES'
resolvers       > globbing > confusing filename, name: 'Changes', lower: 'changes', already: 'CHANGES'
resolvers       > globbing > confusing filename, name: 'Changes', lower: 'changes', already: 'CHANGES'
resolvers       > globbing > confusing filename, name: 'Changes', lower: 'changes', already: 'CHANGES'
resolvers       > globbing > confusing filename, name: 'Changes', lower: 'changes', already: 'CHANGES'
resolvers       > globbing > confusing filename, name: 'Changes', lower: 'changes', already: 'CHANGES'
resolvers       > globbing > confusing filename, name: 'Changes', lower: 'changes', already: 'CHANGES'
resolvers       > globbing > confusing filename, name: 'Changes', lower: 'changes', already: 'CHANGES'
resolvers       > globbing > confusing filename, name: 'NEWS', lower: 'news', already: 'News'
resolvers       > globbing > confusing filename, name: 'Changes', lower: 'changes', already: 'CHANGES'
resolvers       > globbing > confusing filename, name: 'Changes', lower: 'changes', already: 'CHANGES'
resolvers       > globbing > confusing filename, name: 'Changes', lower: 'changes', already: 'CHANGES'
resolvers       > globbing > confusing filename, name: 'Changes', lower: 'changes', already: 'CHANGES'
resolvers       > globbing > confusing filename, name: 'Changes', lower: 'changes', already: 'CHANGES'
resolvers       > globbing > confusing filename, name: 'Changes', lower: 'changes', already: 'CHANGES'
resolvers       > globbing > confusing filename, name: 'Changes', lower: 'changes', already: 'CHANGES'
resolvers       > globbing > confusing filename, name: 'Changes', lower: 'changes', already: 'CHANGES'
resolvers       > globbing > confusing filename, name: 'Changes', lower: 'changes', already: 'CHANGES'
resolvers       > globbing > confusing filename, name: 'Changes', lower: 'changes', already: 'CHANGES'
resolvers       > globbing > confusing filename, name: 'Changes', lower: 'changes', already: 'CHANGES'
resolvers       > globbing > confusing filename, name: 'Changes', lower: 'changes', already: 'CHANGES'
resolvers       > globbing > confusing filename, name: 'Changes', lower: 'changes', already: 'CHANGES'
resolvers       > globbing > confusing filename, name: 'Changes', lower: 'changes', already: 'CHANGES'
resolvers       > globbing > confusing filename, name: 'Changes', lower: 'changes', already: 'CHANGES'
resolvers       > globbing > confusing filename, name: 'Changes', lower: 'changes', already: 'CHANGES'
resolvers       > globbing > confusing filename, name: 'Changes', lower: 'changes', already: 'CHANGES'
resolvers       > globbing > confusing filename, name: 'Changes', lower: 'changes', already: 'CHANGES'
resolvers       > globbing > confusing filename, name: 'Changes', lower: 'changes', already: 'CHANGES'
resolvers       > globbing > confusing filename, name: 'Changes', lower: 'changes', already: 'CHANGES'
resolvers       > globbing > confusing filename, name: 'Changes', lower: 'changes', already: 'CHANGES'
resolvers       > globbing > confusing filename, name: 'Changes', lower: 'changes', already: 'CHANGES'
resolvers       > globbing > confusing filename, name: 'Changes', lower: 'changes', already: 'CHANGES'
resolvers       > globbing > confusing filename, name: 'History', lower: 'history', already: 'HISTORY'
resolvers       > globbing > confusing filename, name: 'Changes', lower: 'changes', already: 'CHANGES'
resolvers       > globbing > confusing filename, name: 'NEWS', lower: 'news', already: 'News'
resolvers       > globbing > confusing filename, name: 'CHANGELOG.txt', lower: 'changelog.txt', already: 'ChangeLog.txt'
resolvers       > globbing > confusing filename, name: 'Changes', lower: 'changes', already: 'CHANGES'
resolvers       > globbing > confusing filename, name: 'Changelog', lower: 'changelog', already: 'ChangeLog'
resolvers       > globbing > confusing filename, name: 'NEWS', lower: 'news', already: 'News'
resolvers       > globbing > confusing filename, name: 'Changes', lower: 'changes', already: 'CHANGES'
resolvers       > globbing > confusing filename, name: 'ANNOUNCE.txt', lower: 'announce.txt', already: 'Announce.txt'
resolvers       > globbing > confusing filename, name: 'CHANGES.txt', lower: 'changes.txt', already: 'Changes.txt'
resolvers       > globbing > confusing filename, name: 'Changes', lower: 'changes', already: 'CHANGES'
resolvers       > globbing > confusing filename, name: 'ToDo', lower: 'todo', already: 'TODO'
resolvers       > globbing > confusing filename, name: 'Changes', lower: 'changes', already: 'CHANGES'
resolvers       > globbing > confusing filename, name: 'Changes', lower: 'changes', already: 'CHANGES'
resolvers       > globbing > confusing filename, name: 'Changes', lower: 'changes', already: 'CHANGES'
resolvers       > globbing > confusing filename, name: 'Changes', lower: 'changes', already: 'CHANGES'
resolvers       > globbing > confusing filename, name: 'Changes', lower: 'changes', already: 'CHANGES'
resolvers       > globbing > confusing filename, name: 'License.txt', lower: 'license.txt', already: 'LICENSE.txt'
resolvers       > globbing > confusing filename, name: 'CHANGELOG', lower: 'changelog', already: 'ChangeLog'
resolvers       > globbing > confusing filename, name: 'Copying', lower: 'copying', already: 'COPYING'
resolvers       > globbing > confusing filename, name: 'Licence.txt', lower: 'licence.txt', already: 'LICENCE.txt'
resolvers       > globbing > confusing filename, name: 'NEWS', lower: 'news', already: 'News'
resolvers       > globbing > confusing filename, name: 'History', lower: 'history', already: 'HISTORY'
resolvers       > globbing > confusing filename, name: 'License', lower: 'license', already: 'LICENSE'
resolvers       > globbing > confusing filename, name: 'README-de', lower: 'readme-de', already: 'README-DE'
resolvers       > globbing > confusing filename, name: 'NEWS', lower: 'news', already: 'News'
resolvers       > globbing > confusing filename, name: 'License.txt', lower: 'license.txt', already: 'LICENSE.txt'
resolvers       > globbing > confusing filename, name: 'ANNOUNCE.txt', lower: 'announce.txt', already: 'Announce.txt'
resolvers       > globbing > confusing filename, name: 'SRCFILEs.txt', lower: 'srcfiles.txt', already: 'SrcFILEs.txt'
resolvers       > globbing > confusing filename, name: 'NEWS', lower: 'news', already: 'News'
resolvers       > globbing > confusing filename, name: 'Bugs', lower: 'bugs', already: 'BUGS'
resolvers       > globbing > confusing filename, name: 'Changes', lower: 'changes', already: 'CHANGES'
resolvers       > globbing > confusing filename, name: 'License', lower: 'license', already: 'LICENSE'
resolvers       > globbing > confusing filename, name: 'Changes', lower: 'changes', already: 'CHANGES'
resolvers       > globbing > confusing filename, name: 'Changes', lower: 'changes', already: 'CHANGES'
resolvers       > globbing > confusing filename, name: 'CHANGELOG', lower: 'changelog', already: 'ChangeLog'
resolvers       > globbing > confusing filename, name: 'LIESMICH.txt', lower: 'liesmich.txt', already: 'Liesmich.txt'
resolvers       > globbing > confusing filename, name: 'NEWS', lower: 'news', already: 'News'
resolvers       > globbing > confusing filename, name: 'SRCFILEs.txt', lower: 'srcfiles.txt', already: 'SrcFILEs.txt'
resolvers       > globbing > confusing filename, name: 'NEWS', lower: 'news', already: 'News'
resolvers       > globbing > confusing filename, name: 'History', lower: 'history', already: 'HISTORY'
resolvers       > globbing > confusing filename, name: 'License', lower: 'license', already: 'LICENSE'
resolvers       > globbing > confusing filename, name: 'NEWS', lower: 'news', already: 'News'
resolvers       > globbing > confusing filename, name: 'ChangeLog.md', lower: 'changelog.md', already: 'CHANGELOG.md'
resolvers       > globbing > confusing filename, name: 'License', lower: 'license', already: 'LICENSE'
resolvers       > globbing > confusing filename, name: 'CHANGELOG', lower: 'changelog', already: 'ChangeLog'
resolvers       > globbing > confusing filename, name: 'Changes', lower: 'changes', already: 'CHANGES'
resolvers       > globbing > confusing filename, name: 'Changes', lower: 'changes', already: 'CHANGES'
resolvers       > globbing > confusing filename, name: 'Changes', lower: 'changes', already: 'CHANGES'
resolvers       > globbing > confusing filename, name: 'Changes', lower: 'changes', already: 'CHANGES'
resolvers       > globbing > confusing filename, name: 'Changes', lower: 'changes', already: 'CHANGES'
resolvers       > globbing > confusing filename, name: 'Changes', lower: 'changes', already: 'CHANGES'
resolvers       > globbing > confusing filename, name: 'SRCFILEs.txt', lower: 'srcfiles.txt', already: 'SrcFILEs.txt'
resolvers       > globbing > confusing filename, name: 'Changes', lower: 'changes', already: 'CHANGES'
resolvers       > globbing > confusing filename, name: 'ToDo', lower: 'todo', already: 'TODO'
resolvers       > globbing > confusing filename, name: 'LIESMICH.txt', lower: 'liesmich.txt', already: 'Liesmich.txt'
resolvers       > globbing > confusing filename, name: 'NEWS', lower: 'news', already: 'News'
resolvers       > globbing > confusing filename, name: 'CHANGEs.txt', lower: 'changes.txt', already: 'Changes.txt'
resolvers       > globbing > confusing filename, name: 'SRCFILEs.txt', lower: 'srcfiles.txt', already: 'SrcFILEs.txt'
resolvers       > globbing > confusing filename, name: 'License', lower: 'license', already: 'LICENSE'
resolvers       > globbing > confusing filename, name: 'License', lower: 'license', already: 'LICENSE'
resolvers       > globbing > confusing filename, name: 'License', lower: 'license', already: 'LICENSE'
resolvers       > globbing > confusing filename, name: 'Copyright', lower: 'copyright', already: 'COPYRIGHT'
resolvers       > globbing > confusing filename, name: 'License.txt', lower: 'license.txt', already: 'LICENSE.txt'
resolvers       > globbing > confusing filename, name: 'ChangeLog.md', lower: 'changelog.md', already: 'CHANGELOG.md'
resolvers       > globbing > confusing filename, name: 'Contributing.md', lower: 'contributing.md', already: 'CONTRIBUTING.md'
resolvers       > globbing > confusing filename, name: 'CHANGELOG', lower: 'changelog', already: 'ChangeLog'
resolvers       > globbing > confusing filename, name: 'ANNOUNCE', lower: 'announce', already: 'Announce'
resolvers       > globbing > confusing filename, name: 'CHANGELOG', lower: 'changelog', already: 'ChangeLog'
resolvers       > globbing > confusing filename, name: 'README.1st', lower: 'readme.1st', already: 'README.1ST'
resolvers       > globbing > confusing filename, name: 'CHANGELOG', lower: 'changelog', already: 'ChangeLog'
resolvers       > globbing > confusing filename, name: 'ANNOUNCE.txt', lower: 'announce.txt', already: 'Announce.txt'
resolvers       > globbing > confusing filename, name: 'License', lower: 'license', already: 'LICENSE'
resolvers       > globbing > confusing filename, name: 'License.txt', lower: 'license.txt', already: 'LICENSE.txt'
resolvers       > globbing > confusing filename, name: 'Changes', lower: 'changes', already: 'CHANGES'
resolvers       > globbing > confusing filename, name: 'Changes', lower: 'changes', already: 'CHANGES'
resolvers       > globbing > confusing filename, name: 'NEWS', lower: 'news', already: 'News'
resolvers       > globbing > confusing filename, name: 'Changes', lower: 'changes', already: 'CHANGES'
resolvers       > globbing > confusing filename, name: 'Changes', lower: 'changes', already: 'CHANGES'
resolvers       > globbing > confusing filename, name: 'Changes', lower: 'changes', already: 'CHANGES'
resolvers       > globbing > confusing filename, name: 'Changes', lower: 'changes', already: 'CHANGES'
resolvers       > globbing > confusing filename, name: 'Changes', lower: 'changes', already: 'CHANGES'
resolvers       > globbing > confusing filename, name: 'Changes', lower: 'changes', already: 'CHANGES'
resolvers       > globbing > confusing filename, name: 'Changes', lower: 'changes', already: 'CHANGES'
resolvers       > globbing > confusing filename, name: 'Changes', lower: 'changes', already: 'CHANGES'
resolvers       > globbing > confusing filename, name: 'Readme.txt', lower: 'readme.txt', already: 'README.txt'
resolvers       > globbing > confusing filename, name: 'NEWS', lower: 'news', already: 'News'
resolvers       > globbing > confusing filename, name: 'History', lower: 'history', already: 'HISTORY'
resolvers       > globbing > confusing filename, name: 'License', lower: 'license', already: 'LICENSE'
resolvers       > globbing > confusing filename, name: 'Changes', lower: 'changes', already: 'CHANGES'
resolvers       > globbing > confusing filename, name: 'Changes', lower: 'changes', already: 'CHANGES'
resolvers       > globbing > confusing filename, name: 'NEWS', lower: 'news', already: 'News'
resolvers       > globbing > confusing filename, name: 'ChangeLog.md', lower: 'changelog.md', already: 'CHANGELOG.md'
resolvers       > globbing > confusing filename, name: 'LICENSE.TXT', lower: 'license.txt', already: 'LICENSE.txt'
resolvers       > globbing > confusing filename, name: 'MANIFEST.TXT', lower: 'manifest.txt', already: 'MANIFEST.txt'
resolvers       > globbing > confusing filename, name: 'TODO.TXT', lower: 'todo.txt', already: 'ToDo.txt'
resolvers       > globbing > confusing filename, name: 'CHANGELOG', lower: 'changelog', already: 'ChangeLog'
resolvers       > globbing > confusing filename, name: 'CHANGELOG', lower: 'changelog', already: 'ChangeLog'
resolvers       > globbing > confusing filename, name: 'Changelog', lower: 'changelog', already: 'ChangeLog'
resolvers       > globbing > confusing filename, name: 'VERSION.tex', lower: 'version.tex', already: 'Version.tex'
resolvers       > globbing > confusing filename, name: 'License', lower: 'license', already: 'LICENSE'
resolvers       > globbing > confusing filename, name: 'CHANGELOG', lower: 'changelog', already: 'ChangeLog'
resolvers       > globbing > confusing filename, name: 'CHANGELOG', lower: 'changelog', already: 'ChangeLog'
resolvers       > globbing > confusing filename, name: 'Copyright', lower: 'copyright', already: 'COPYRIGHT'
resolvers       > globbing > confusing filename, name: 'Copyright', lower: 'copyright', already: 'COPYRIGHT'
resolvers       > globbing > confusing filename, name: 'History.txt', lower: 'history.txt', already: 'HISTORY.TXT'
resolvers       > globbing > confusing filename, name: 'Manifest.txt', lower: 'manifest.txt', already: 'MANIFEST.txt'
resolvers       > globbing > confusing filename, name: 'NEWS', lower: 'news', already: 'News'
resolvers       > globbing > confusing filename, name: 'Changes', lower: 'changes', already: 'CHANGES'
resolvers       > globbing > confusing filename, name: 'License', lower: 'license', already: 'LICENSE'
resolvers       > globbing > confusing filename, name: 'README.1st', lower: 'readme.1st', already: 'README.1ST'
resolvers       > globbing > confusing filename, name: 'Changelog', lower: 'changelog', already: 'ChangeLog'
resolvers       > globbing > confusing filename, name: 'Changes', lower: 'changes', already: 'CHANGES'
resolvers       > globbing > confusing filename, name: 'Changes', lower: 'changes', already: 'CHANGES'
resolvers       > globbing > confusing filename, name: 'Changes', lower: 'changes', already: 'CHANGES'
resolvers       > globbing > confusing filename, name: 'Changes', lower: 'changes', already: 'CHANGES'
resolvers       > globbing > confusing filename, name: 'Changes', lower: 'changes', already: 'CHANGES'
resolvers       > globbing > confusing filename, name: 'License.txt', lower: 'license.txt', already: 'LICENSE.txt'
resolvers       > globbing > confusing filename, name: 'License.txt', lower: 'license.txt', already: 'LICENSE.txt'
resolvers       > globbing > confusing filename, name: 'NEWS', lower: 'news', already: 'News'
resolvers       > globbing > confusing filename, name: 'Contributors.md', lower: 'contributors.md', already: 'CONTRIBUTORS.md'
resolvers       > globbing > confusing filename, name: 'Changes', lower: 'changes', already: 'CHANGES'
resolvers       > globbing > confusing filename, name: 'Changes', lower: 'changes', already: 'CHANGES'
resolvers       > globbing > confusing filename, name: 'CHANGELOG', lower: 'changelog', already: 'ChangeLog'
resolvers       > globbing > confusing filename, name: 'NEWS', lower: 'news', already: 'News'
resolvers       > globbing > confusing filename, name: 'NEWS', lower: 'news', already: 'News'
resolvers       > globbing > confusing filename, name: 'NEWS', lower: 'news', already: 'News'
resolvers       > globbing > confusing filename, name: 'NEWS', lower: 'news', already: 'News'
resolvers       > globbing > confusing filename, name: 'CHANGELOG', lower: 'changelog', already: 'ChangeLog'
resolvers       > globbing > confusing filename, name: 'README.PL', lower: 'readme.pl', already: 'README.pl'
resolvers       > globbing > confusing filename, name: 'NEWS', lower: 'news', already: 'News'
resolvers       > globbing > confusing filename, name: 'NEWS', lower: 'news', already: 'News'
resolvers       > globbing > confusing filename, name: 'NEWS', lower: 'news', already: 'News'
resolvers       > globbing > confusing filename, name: 'History', lower: 'history', already: 'HISTORY'
resolvers       > globbing > confusing filename, name: 'License', lower: 'license', already: 'LICENSE'
resolvers       > globbing > confusing filename, name: 'HISTORY.txt', lower: 'history.txt', already: 'HISTORY.TXT'
resolvers       > globbing > confusing filename, name: 'Changelog', lower: 'changelog', already: 'ChangeLog'
resolvers       > globbing > confusing filename, name: 'Changes', lower: 'changes', already: 'CHANGES'
resolvers       > globbing > confusing filename, name: 'README.TeXLive', lower: 'readme.texlive', already: 'README.TEXLIVE'
resolvers       > globbing > confusing filename, name: 'NEWS', lower: 'news', already: 'News'
resolvers       > globbing > confusing filename, name: 'CHANGELOG', lower: 'changelog', already: 'ChangeLog'
resolvers       > globbing > confusing filename, name: 'Contributors.md', lower: 'contributors.md', already: 'CONTRIBUTORS.md'
resolvers       > globbing > confusing filename, name: 'NEWS', lower: 'news', already: 'News'
resolvers       > globbing > confusing filename, name: 'Changes', lower: 'changes', already: 'CHANGES'
resolvers       > globbing > confusing filename, name: 'CHANGELOG', lower: 'changelog', already: 'ChangeLog'
resolvers       > globbing > confusing filename, name: 'NEWS', lower: 'news', already: 'News'
resolvers       > globbing > confusing filename, name: 'Changes', lower: 'changes', already: 'CHANGES'
resolvers       > globbing > confusing filename, name: 'NEWS', lower: 'news', already: 'News'
resolvers       > globbing > confusing filename, name: 'NEWS', lower: 'news', already: 'News'
resolvers       > globbing > confusing filename, name: 'logo.JPG', lower: 'logo.jpg', already: 'Logo.jpg'
resolvers       > globbing > confusing filename, name: 'NEWS', lower: 'news', already: 'News'
resolvers       > globbing > confusing filename, name: 'License.txt', lower: 'license.txt', already: 'LICENSE.txt'
resolvers       > globbing > confusing filename, name: 'NEWS', lower: 'news', already: 'News'
resolvers       > globbing > confusing filename, name: 'Changelog', lower: 'changelog', already: 'ChangeLog'
resolvers       > globbing > confusing filename, name: 'Changelog', lower: 'changelog', already: 'ChangeLog'
resolvers       > globbing > confusing filename, name: 'NEWS', lower: 'news', already: 'News'
resolvers       > globbing > confusing filename, name: 'Changes', lower: 'changes', already: 'CHANGES'
resolvers       > globbing > confusing filename, name: 'Changes', lower: 'changes', already: 'CHANGES'
resolvers       > globbing > confusing filename, name: 'TODO.txt', lower: 'todo.txt', already: 'ToDo.txt'
resolvers       > globbing > confusing filename, name: 'NEWS', lower: 'news', already: 'News'
resolvers       > globbing > confusing filename, name: 'VERSION.tex', lower: 'version.tex', already: 'Version.tex'
resolvers       > globbing > confusing filename, name: 'CHANGELOG', lower: 'changelog', already: 'ChangeLog'
resolvers       > globbing > confusing filename, name: 'Changes', lower: 'changes', already: 'CHANGES'
resolvers       > globbing > confusing filename, name: 'Changes', lower: 'changes', already: 'CHANGES'
system          > lua > compiling 'C:/texlive/2023/texmf-var/luametatex-cache/context/1b4da46d1f340757f9984eae810b1464/trees/9d8576a18c59fc65c42b8c6d0dc5211a.lua' into 'C:/texlive/2023/texmf-var/luametatex-cache/context/1b4da46d1f340757f9984eae810b1464/trees/9d8576a18c59fc65c42b8c6d0dc5211a.lud'
system          > lua > dumping 'C:/texlive/2023/texmf-var/luametatex-cache/context/1b4da46d1f340757f9984eae810b1464/trees/9d8576a18c59fc65c42b8c6d0dc5211a.lua' into 'C:/texlive/2023/texmf-var/luametatex-cache/context/1b4da46d1f340757f9984eae810b1464/trees/9d8576a18c59fc65c42b8c6d0dc5211a.lud' stripped
system          > lua > compiling 'C:/texlive/2023/texmf-var/luametatex-cache/context/1b4da46d1f340757f9984eae810b1464/trees/80ba17e36177c570c2b7c4882672efc5.lua' into 'C:/texlive/2023/texmf-var/luametatex-cache/context/1b4da46d1f340757f9984eae810b1464/trees/80ba17e36177c570c2b7c4882672efc5.lud'
system          > lua > dumping 'C:/texlive/2023/texmf-var/luametatex-cache/context/1b4da46d1f340757f9984eae810b1464/trees/80ba17e36177c570c2b7c4882672efc5.lua' into 'C:/texlive/2023/texmf-var/luametatex-cache/context/1b4da46d1f340757f9984eae810b1464/trees/80ba17e36177c570c2b7c4882672efc5.lud' stripped
system          > lua > compiling 'C:/texlive/2023/texmf-var/luametatex-cache/context/1b4da46d1f340757f9984eae810b1464/trees/929f6dbc83f6d3b65dab91f1efa4aacb.lua' into 'C:/texlive/2023/texmf-var/luametatex-cache/context/1b4da46d1f340757f9984eae810b1464/trees/929f6dbc83f6d3b65dab91f1efa4aacb.lud'
system          > lua > dumping 'C:/texlive/2023/texmf-var/luametatex-cache/context/1b4da46d1f340757f9984eae810b1464/trees/929f6dbc83f6d3b65dab91f1efa4aacb.lua' into 'C:/texlive/2023/texmf-var/luametatex-cache/context/1b4da46d1f340757f9984eae810b1464/trees/929f6dbc83f6d3b65dab91f1efa4aacb.lud' stripped
close source    > level 1, order 2, name 'C:/texlive/2023/texmf-dist/tex/context/texlive/cont-sys.mkxl'
system          > files > jobname './test', input './test.tex', result './test'
fonts           > latin modern fonts are not preloaded
languages       > language 'en' is active
